
> @wedding/web@0.1.0 build
> next build

   ▲ Next.js 15.5.18
   - Environments: .env.local, .env.production
   - Experiments (use with caution):
     · serverActions

   Creating an optimized production build ...
 ✓ Compiled successfully in 2.2s
   Linting and checking validity of types ...
   Collecting page data ...
   Generating static pages (0/9) ...
   Generating static pages (2/9) 
   Generating static pages (4/9) 
   Generating static pages (6/9) 
 ✓ Generating static pages (9/9)
   Finalizing page optimization ...
   Collecting build traces ...

Route (app)                                 Size  First Load JS
┌ ○ /                                    13.9 kB         166 kB
├ ○ /_not-found                            987 B         104 kB
├ ƒ /api/analytics                         134 B         103 kB
├ ƒ /api/auth/[...nextauth]                134 B         103 kB
├ ƒ /api/blessings                         134 B         103 kB
├ ƒ /api/media                             134 B         103 kB
├ ƒ /dashboard                           2.86 kB         143 kB
└ ○ /login                               3.52 kB         158 kB
+ First Load JS shared by all             103 kB
  ├ chunks/18-4ce5efc64451836b.js        46.3 kB
  ├ chunks/87c73c54-24122e7b92478d00.js  54.2 kB
  └ other shared chunks (total)          1.99 kB


ƒ Middleware                             34.6 kB

○  (Static)   prerendered as static content
ƒ  (Dynamic)  server-rendered on demand

